data: {"type": "reasoning_step", "data": {"agent": "Parser", "step": "Request Parsed", "detail": "Extracted: Dubai \u2192 Rotterdam, 500kg, Deadline: None days, Budget: $None, Priority: balanced", "icon": "\ud83d\udd0d", "data": {"origin": "Dubai", "destination": "Rotterdam", "weight_kg": 500, "deadline_days": null, "budget_usd": null, "priority": "balanced", "cargo_type": null, "special_requirements": null}}}

data: {"type": "reasoning_step", "data": {"agent": "Hub Resolver", "step": "Locations Resolved", "detail": "Hub resolution results:\n  Origin: Dubai \u2192 \u2705 Known hub: Jebel Ali Port, Dubai\n  Destination: Rotterdam \u2192 \u2705 Known hub: Port of Rotterdam", "icon": "\ud83d\udccd", "data": {"origin": {"original": "Dubai", "resolved_key": "dubai", "lat": 25.0117, "lng": 55.0618, "nearest_hub": "dubai", "nearest_hub_name": "Jebel Ali Port, Dubai", "distance_to_hub_km": 0, "method": "direct_match"}, "destination": {"original": "Rotterdam", "resolved_key": "rotterdam", "lat": 51.9036, "lng": 4.4993, "nearest_hub": "rotterdam", "nearest_hub_name": "Port of Rotterdam", "distance_to_hub_km": 0, "method": "direct_match"}}}}

data: {"type": "reasoning_step", "data": {"agent": "Route Generator", "step": "Generated 4 Candidate Routes", "detail": "Found routes via: sea, air, multimodal\n  \u2022 Sea Route: Dubai \u2192 Rotterdam (15 days, 10750km)\n  \u2022 Air Route: Dubai \u2192 Rotterdam (1 days, 5164km)\n  \u2022 Multimodal Route: Dubai \u2192 Rotterdam (8 days, 7000km)\n  \u2022 Multimodal Route: Dubai \u2192 Rotterdam (2 days, 5800km)", "icon": "\ud83d\uddfa\ufe0f", "data": {"route_count": 4, "modes": ["sea", "air", "multimodal"]}}}

data: {"type": "reasoning_step", "data": {"agent": "Risk Scenario", "step": "World Conditions: Normal Conditions", "detail": "\u2705 No special global disruptions. Standard operations.", "icon": "\u2705", "data": {"event": "normal", "affected_count": 0}}}

data: {"type": "reasoning_step", "data": {"agent": "Pricing", "step": "Pricing Complete \u2014 Range: $1,764.95 to $3,173.81", "detail": "Cost estimates per route:\n  \u2022 dubai_rotterdam_sea: $1,867.11\n  \u2022 dubai_rotterdam_air: $1,910.40\n  \u2022 dubai_rotterdam_multimodal_1: $1,764.95\n  \u2022 dubai_rotterdam_multimodal_2: $3,173.81", "icon": "\ud83d\udcb0", "data": {"cheapest": 1764.95, "most_expensive": 3173.81, "routes_in_budget": 0}}}

data: {"type": "reasoning_step", "data": {"agent": "Weather", "step": "Weather Assessment \u2014 Highest Risk: MEDIUM", "detail": "Weather assessment per route:\n  \u2022 dubai_rotterdam_sea: MEDIUM risk (score: 0.41, delay: +4h)\n  \u2022 dubai_rotterdam_air: MEDIUM risk (score: 0.41, delay: +4h)\n  \u2022 dubai_rotterdam_multimodal_1: MEDIUM risk (score: 0.41, delay: +4h)\n  \u2022 dubai_rotterdam_multimodal_2: MEDIUM risk (score: 0.41, delay: +8h)", "icon": "\ud83c\udf24\ufe0f", "data": {"highest_risk": "medium", "routes_with_warnings": 0}}}

data: {"type": "reasoning_step", "data": {"agent": "Port Congestion", "step": "Congestion Check \u2014 Worst: HIGH", "detail": "Port congestion per route:\n  \u2022 dubai_rotterdam_sea: HIGH (bottleneck: Port of Rotterdam, delay: +29.7h)\n  \u2022 dubai_rotterdam_air: HIGH (bottleneck: Port of Rotterdam, delay: +18.5h)\n  \u2022 dubai_rotterdam_multimodal_1: HIGH (bottleneck: Port of Rotterdam, delay: +26.6h)\n  \u2022 dubai_rotterdam_multimodal_2: HIGH (bottleneck: Port of Rotterdam, delay: +31.4h)", "icon": "\u2693", "data": {"worst_congestion": "high", "bottleneck_ports": ["Port of Rotterdam"]}}}

data: {"type": "reasoning_step", "data": {"agent": "Sustainability", "step": "Emissions Calculated \u2014 Greenest: dubai_rotterdam_sea", "detail": "Carbon footprint per route (for 500kg shipment):\n  \ud83c\udf3f dubai_rotterdam_sea: 107.5 kg CO2e (Green Score: 100.0/100 \u2014 Excellent)\n  \ud83c\udfed dubai_rotterdam_air: 1549.2 kg CO2e (Green Score: 18.7/100 \u2014 Poor)\n  \ud83c\udf3f dubai_rotterdam_multimodal_1: 182.0 kg CO2e (Green Score: 95.8/100 \u2014 Excellent)\n  \ud83c\udfed dubai_rotterdam_multimodal_2: 1615.0 kg CO2e (Green Score: 15.0/100 \u2014 Poor)\n\n\ud83d\udcca Emission factors: Air=600g, Sea=20g, Road=100g per tonne-km", "icon": "\ud83c\udf31", "data": {"greenest_route": "dubai_rotterdam_sea", "greenest_emissions_kg": 107.5, "worst_emissions_kg": 1615.0}}}

data: {"type": "reasoning_step", "data": {"agent": "Evaluator", "step": "Routes Scored \u2014 Winner: Air Route: Dubai \u2192 Rotterdam", "detail": "Ranking (priority: balanced):\n  \ud83c\udfc6 #1 Air Route: Dubai \u2192 Rotterdam: Score=78.5 (Cost=93, Time=95, Risk=41, Reliability=70, Green=19)\n     #2 Multimodal Route: Dubai \u2192 Rotterdam: Score=69.1 (Cost=100, Time=60, Risk=41, Reliability=65, Green=96)\n     #3 Multimodal Route: Dubai \u2192 Rotterdam: Score=57.1 (Cost=30, Time=90, Risk=41, Reliability=65, Green=15)\n     #4 Sea Route: Dubai \u2192 Rotterdam: Score=56.1 (Cost=95, Time=25, Risk=41, Reliability=60, Green=100)", "icon": "\u2696\ufe0f", "data": {"winner": "dubai_rotterdam_air", "top_score": 78.5}}}

data: {"type": "reasoning_step", "data": {"agent": "Broker Agent", "step": "Negotiating with Emirates SkyCargo", "detail": "Successfully negotiated a discount using LLM. New quote: $1,733.57.", "icon": "\ud83e\udd1d"}}

data: {"type": "reasoning_step", "data": {"agent": "Decision", "step": "\ud83c\udfc6 Recommended: Air Route: Dubai \u2192 Rotterdam", "detail": "The Air Route from Dubai to Rotterdam is recommended due to its ultra-fast delivery time of just 1 day, making it ideal for urgent shipments. Although it has a higher carbon footprint and is subject to port congestion, the speed and cost-effectiveness at $1,910 outweigh these concerns for a balanced priority shipment.\n\nTrade-offs: Chose air freight at $1,910 for a 1-day delivery, sacrificing some environmental considerations and accepting potential port congestion. This route provides significant time savings compared to the sea route, which takes 15 days, and is only slightly more expensive than the multimodal options.", "icon": "\ud83c\udfc6", "data": {"recommended_route": "dubai_rotterdam_air", "overall_score": 78.5, "cost": 1733.5744536456898, "days": 1, "alternatives_count": 3}}}

data: {"type": "final_result", "data": {"recommendation": {"route": {"id": "dubai_rotterdam_air", "name": "Air Route: Dubai \u2192 Rotterdam", "mode": "air", "legs": [{"from_location": "dubai", "to_location": "rotterdam", "mode": "air", "carrier": null, "distance_km": 5164, "duration_hours": 7}], "total_distance_km": 5164, "estimated_days": 1, "notes": "Direct air freight DXB to AMS, ground transfer to Rotterdam", "waypoints": [[25.0117, 55.0618], [26.7569, 53.3512], [28.4809, 51.5876], [30.1815, 49.7659], [31.8559, 47.8807], [33.5016, 45.9263], [35.1154, 43.8969], [36.694, 41.7864], [38.2338, 39.5886], [39.7309, 37.297], [41.1809, 34.9053], [42.5793, 32.4072], [43.9209, 29.797], [45.2004, 27.0692], [46.4121, 24.2193], [47.5498, 21.244], [48.6073, 18.1414], [49.5779, 14.9118], [50.4551, 11.5575], [51.2325, 8.0839], [51.9036, 4.4993]]}, "pricing": {"route_id": "dubai_rotterdam_air", "cost_breakdown": {"carrier_name": "Emirates SkyCargo", "freight": 1280.770686568291, "fuel_surcharge": 254.05, "customs_and_docs": 130.0, "insurance": 29.93, "handling": 85, "total": 1733.5744536456898, "currency": "USD", "original_total": 1910.4}, "within_budget": null, "budget_delta": null}, "weather": {"route_id": "dubai_rotterdam_air", "overall_risk_level": "medium", "overall_risk_score": 0.41, "total_delay_hours": 4, "worst_conditions": ["No significant weather risks"], "location_breakdown": [{"location": "dubai", "zone": "arabian_sea", "risk_level": "low", "risk_score": 0.05, "conditions": "Calm seas", "estimated_delay_hours": 0, "wind_speed_knots": 9.3, "wave_height_m": 1.8}, {"location": "rotterdam", "zone": "north_atlantic", "risk_level": "medium", "risk_score": 0.41, "conditions": "Dense fog conditions", "estimated_delay_hours": 4, "wind_speed_knots": 10.5, "wave_height_m": 2.8}]}, "congestion": {"route_id": "dubai_rotterdam_air", "overall_congestion": "high", "overall_score": 0.61, "total_delay_hours": 18.5, "bottleneck_port": "Port of Rotterdam", "port_breakdown": [{"port_name": "Jebel Ali Port, Dubai", "congestion_level": "low", "congestion_score": 0.16, "queue_time_hours": 7.8, "berth_availability_pct": 83.7, "estimated_delay_hours": 3.9, "vessels_in_queue": 4, "advisory": "Normal operations at dubai. No significant delays expected."}, {"port_name": "Port of Rotterdam", "congestion_level": "high", "congestion_score": 0.61, "queue_time_hours": 29.2, "berth_availability_pct": 39.3, "estimated_delay_hours": 14.6, "vessels_in_queue": 18, "advisory": "Heavy congestion at rotterdam. Significant delays likely. Consider alternative ports or timing."}]}, "sustainability": {"route_id": "dubai_rotterdam_air", "total_emissions_kg": 1549.2, "leg_breakdown": [{"from": "dubai", "to": "rotterdam", "mode": "air", "distance_km": 5164, "emissions_kg": 1549.2, "factor_used": 600}], "green_score": 18.7, "eco_label": "Poor"}, "cost_score": 92.8, "time_score": 95, "risk_score": 40.7, "reliability_score": 70, "overall_score": 78.5, "green_score": 18.7, "adjusted_cost": 1910.4, "adjusted_days": 1, "pros": ["Cost-effective at $1,910", "Ultra-fast delivery"], "cons": ["Port congestion at Port of Rotterdam", "High carbon footprint (1549.2 kg CO2e)"], "is_recommended": true}, "alternatives": [{"route": {"id": "dubai_rotterdam_multimodal_1", "name": "Multimodal Route: Dubai \u2192 Rotterdam", "mode": "multimodal", "legs": [{"from_location": "dubai", "to_location": "istanbul", "mode": "sea", "carrier": null, "distance_km": 4200, "duration_hours": 144}, {"from_location": "istanbul", "to_location": "rotterdam", "mode": "road", "carrier": null, "distance_km": 2800, "duration_hours": 48}], "total_distance_km": 7000, "estimated_days": 8, "notes": "Sea to Istanbul, then road through Europe", "waypoints": [[25.0117, 55.0618], [25.9245, 53.9528], [26.8287, 52.8267], [27.7238, 51.6825], [28.6094, 50.5194], [29.4849, 49.3367], [30.3498, 48.1335], [31.2034, 46.909], [32.0453, 45.6623], [32.8747, 44.3926], [33.691, 43.0992], [34.4936, 41.7812], [35.2818, 40.4378], [36.0549, 39.0682], [36.812, 37.6717], [37.5525, 36.2477], [38.2756, 34.7954], [38.9804, 33.3143], [39.6661, 31.8038], [40.3319, 30.2634], [40.9768, 28.6929], [40.9768, 28.6929], [41.6304, 27.7042], [42.2754, 26.6954], [42.9114, 25.6659], [43.538, 24.6151], [44.1547, 23.5424], [44.7612, 22.4473], [45.357, 21.3291], [45.9416, 20.1873], [46.5147, 19.0214], [47.0756, 17.831], [47.624, 16.6155], [48.1592, 15.3745], [48.6808, 14.1078], [49.1883, 12.8149], [49.681, 11.4955], [50.1584, 10.1496], [50.6199, 8.777], [51.0651, 7.3777], [51.4931, 5.9517], [51.9036, 4.4993]]}, "pricing": {"route_id": "dubai_rotterdam_multimodal_1", "cost_breakdown": {"carrier_name": "Maersk Line + DHL Freight", "freight": 1050.43, "fuel_surcharge": 170.09, "customs_and_docs": 280.0, "insurance": 54.44, "handling": 210, "total": 1764.95, "currency": "USD"}, "within_budget": null, "budget_delta": null}, "weather": {"route_id": "dubai_rotterdam_multimodal_1", "overall_risk_level": "medium", "overall_risk_score": 0.41, "total_delay_hours": 4, "worst_conditions": ["No significant weather risks"], "location_breakdown": [{"location": "dubai", "zone": "arabian_sea", "risk_level": "low", "risk_score": 0.05, "conditions": "Calm seas", "estimated_delay_hours": 0, "wind_speed_knots": 9.3, "wave_height_m": 1.8}, {"location": "istanbul", "zone": "mediterranean", "risk_level": "low", "risk_score": 0.05, "conditions": "Mild conditions", "estimated_delay_hours": 0, "wind_speed_knots": 17.4, "wave_height_m": 1.1}, {"location": "rotterdam", "zone": "north_atlantic", "risk_level": "medium", "risk_score": 0.41, "conditions": "Dense fog conditions", "estimated_delay_hours": 4, "wind_speed_knots": 10.5, "wave_height_m": 2.8}]}, "congestion": {"route_id": "dubai_rotterdam_multimodal_1", "overall_congestion": "high", "overall_score": 0.61, "total_delay_hours": 26.6, "bottleneck_port": "Port of Rotterdam", "port_breakdown": [{"port_name": "Jebel Ali Port, Dubai", "congestion_level": "low", "congestion_score": 0.16, "queue_time_hours": 7.8, "berth_availability_pct": 83.7, "estimated_delay_hours": 3.9, "vessels_in_queue": 4, "advisory": "Normal operations at dubai. No significant delays expected."}, {"port_name": "Ambarli Port, Istanbul", "congestion_level": "low", "congestion_score": 0.34, "queue_time_hours": 16.2, "berth_availability_pct": 66.2, "estimated_delay_hours": 8.1, "vessels_in_queue": 10, "advisory": "Normal operations at istanbul. No significant delays expected."}, {"port_name": "Port of Rotterdam", "congestion_level": "high", "congestion_score": 0.61, "queue_time_hours": 29.2, "berth_availability_pct": 39.3, "estimated_delay_hours": 14.6, "vessels_in_queue": 18, "advisory": "Heavy congestion at rotterdam. Significant delays likely. Consider alternative ports or timing."}]}, "sustainability": {"route_id": "dubai_rotterdam_multimodal_1", "total_emissions_kg": 182.0, "leg_breakdown": [{"from": "dubai", "to": "istanbul", "mode": "sea", "distance_km": 4200, "emissions_kg": 42.0, "factor_used": 20}, {"from": "istanbul", "to": "rotterdam", "mode": "road", "distance_km": 2800, "emissions_kg": 140.0, "factor_used": 100}], "green_score": 95.8, "eco_label": "Excellent"}, "cost_score": 100.0, "time_score": 60, "risk_score": 40.7, "reliability_score": 65, "overall_score": 69.1, "green_score": 95.8, "adjusted_cost": 1764.95, "adjusted_days": 8, "pros": ["Cost-effective at $1,765", "Eco-friendly (Excellent)"], "cons": ["Port congestion at Port of Rotterdam"], "is_recommended": false}, {"route": {"id": "dubai_rotterdam_multimodal_2", "name": "Multimodal Route: Dubai \u2192 Rotterdam", "mode": "multimodal", "legs": [{"from_location": "dubai", "to_location": "hamburg", "mode": "air", "carrier": null, "distance_km": 5300, "duration_hours": 8}, {"from_location": "hamburg", "to_location": "rotterdam", "mode": "road", "carrier": null, "distance_km": 500, "duration_hours": 6}], "total_distance_km": 5800, "estimated_days": 2, "notes": "Air to Hamburg, short road transfer to Rotterdam", "waypoints": [[25.0117, 55.0618], [26.7498, 53.5696], [28.4718, 52.0312], [30.176, 50.4422], [31.8603, 48.7975], [33.5226, 47.092], [35.1607, 45.3202], [36.7719, 43.4761], [38.3535, 41.5536], [39.9022, 39.5461], [41.4148, 37.4469], [42.8874, 35.249], [44.316, 32.9452], [45.6959, 30.5284], [47.0224, 27.9918], [48.29, 25.3289], [49.4931, 22.534], [50.6255, 19.6025], [51.6808, 16.5314], [52.6523, 13.3198], [53.5332, 9.9692], [53.5332, 9.9692], [53.4578, 9.686], [53.3818, 9.4039], [53.3051, 9.1227], [53.2277, 8.8426], [53.1497, 8.5635], [53.071, 8.2853], [52.9917, 8.0083], [52.9117, 7.7322], [52.8311, 7.4571], [52.7499, 7.1831], [52.668, 6.9101], [52.5855, 6.6381], [52.5024, 6.3672], [52.4187, 6.0973], [52.3343, 5.8284], [52.2494, 5.5605], [52.1638, 5.2937], [52.0777, 5.0278], [51.9909, 4.7631], [51.9036, 4.4993]]}, "pricing": {"route_id": "dubai_rotterdam_multimodal_2", "cost_breakdown": {"carrier_name": "Emirates SkyCargo + DHL Freight", "freight": 2317.9, "fuel_surcharge": 429.65, "customs_and_docs": 220.0, "insurance": 61.26, "handling": 145, "total": 3173.81, "currency": "USD"}, "within_budget": null, "budget_delta": null}, "weather": {"route_id": "dubai_rotterdam_multimodal_2", "overall_risk_level": "medium", "overall_risk_score": 0.41, "total_delay_hours": 8, "worst_conditions": ["No significant weather risks"], "location_breakdown": [{"location": "dubai", "zone": "arabian_sea", "risk_level": "low", "risk_score": 0.05, "conditions": "Calm seas", "estimated_delay_hours": 0, "wind_speed_knots": 9.3, "wave_height_m": 1.8}, {"location": "hamburg", "zone": "north_atlantic", "risk_level": "medium", "risk_score": 0.4, "conditions": "Dense fog conditions", "estimated_delay_hours": 4, "wind_speed_knots": 17.2, "wave_height_m": 1.9}, {"location": "rotterdam", "zone": "north_atlantic", "risk_level": "medium", "risk_score": 0.41, "conditions": "Dense fog conditions", "estimated_delay_hours": 4, "wind_speed_knots": 10.5, "wave_height_m": 2.8}]}, "congestion": {"route_id": "dubai_rotterdam_multimodal_2", "overall_congestion": "high", "overall_score": 0.61, "total_delay_hours": 31.4, "bottleneck_port": "Port of Rotterdam", "port_breakdown": [{"port_name": "Jebel Ali Port, Dubai", "congestion_level": "low", "congestion_score": 0.16, "queue_time_hours": 7.8, "berth_availability_pct": 83.7, "estimated_delay_hours": 3.9, "vessels_in_queue": 4, "advisory": "Normal operations at dubai. No significant delays expected."}, {"port_name": "Port of Hamburg", "congestion_level": "moderate", "congestion_score": 0.54, "queue_time_hours": 25.9, "berth_availability_pct": 46.1, "estimated_delay_hours": 12.9, "vessels_in_queue": 16, "advisory": "Moderate traffic at hamburg. Minor delays possible, plan for 4-8 hour buffer."}, {"port_name": "Port of Rotterdam", "congestion_level": "high", "congestion_score": 0.61, "queue_time_hours": 29.2, "berth_availability_pct": 39.3, "estimated_delay_hours": 14.6, "vessels_in_queue": 18, "advisory": "Heavy congestion at rotterdam. Significant delays likely. Consider alternative ports or timing."}]}, "sustainability": {"route_id": "dubai_rotterdam_multimodal_2", "total_emissions_kg": 1615.0, "leg_breakdown": [{"from": "dubai", "to": "hamburg", "mode": "air", "distance_km": 5300, "emissions_kg": 1590.0, "factor_used": 600}, {"from": "hamburg", "to": "rotterdam", "mode": "road", "distance_km": 500, "emissions_kg": 25.0, "factor_used": 100}], "green_score": 15.0, "eco_label": "Poor"}, "cost_score": 30.0, "time_score": 90, "risk_score": 40.7, "reliability_score": 65, "overall_score": 57.1, "green_score": 15.0, "adjusted_cost": 3173.81, "adjusted_days": 2, "pros": ["Ultra-fast delivery"], "cons": ["Expensive at $3,174", "Port congestion at Port of Rotterdam", "High carbon footprint (1615.0 kg CO2e)"], "is_recommended": false}, {"route": {"id": "dubai_rotterdam_sea", "name": "Sea Route: Dubai \u2192 Rotterdam", "mode": "sea", "legs": [{"from_location": "dubai", "to_location": "jeddah", "mode": "sea", "carrier": null, "distance_km": 2950, "duration_hours": 96}, {"from_location": "jeddah", "to_location": "rotterdam", "mode": "sea", "carrier": null, "distance_km": 7800, "duration_hours": 264}], "total_distance_km": 10750, "estimated_days": 15, "notes": "Suez Canal route, standard container shipping", "waypoints": [[25.0117, 55.0618], [24.8747, 54.2491], [24.7334, 53.4382], [24.5877, 52.6292], [24.4376, 51.8221], [24.2834, 51.017], [24.1248, 50.2138], [23.9621, 49.4126], [23.7953, 48.6135], [23.6243, 47.8165], [23.4493, 47.0216], [23.2702, 46.2287], [23.0872, 45.4381], [22.9003, 44.6496], [22.7095, 43.8633], [22.5148, 43.0792], [22.3164, 42.2974], [22.1142, 41.5178], [21.9084, 40.7404], [21.6989, 39.9653], [21.4858, 39.1925], [21.4858, 39.1925], [23.1855, 38.0014], [24.8761, 36.7798], [26.5564, 35.5243], [28.2254, 34.2316], [29.8819, 32.898], [31.5245, 31.5195], [33.1518, 30.0919], [34.7622, 28.6106], [36.354, 27.0707], [37.9251, 25.467], [39.4736, 23.7937], [40.997, 22.0448], [42.4927, 20.214], [43.9579, 18.2944], [45.3893, 16.2788], [46.7835, 14.1599], [48.1364, 11.9301], [49.444, 9.5817], [50.7014, 7.1071], [51.9036, 4.4993]]}, "pricing": {"route_id": "dubai_rotterdam_sea", "cost_breakdown": {"carrier_name": "Maersk Line", "freight": 1000, "fuel_surcharge": 120.0, "customs_and_docs": 380.0, "insurance": 67.11, "handling": 300, "total": 1867.11, "currency": "USD"}, "within_budget": null, "budget_delta": null}, "weather": {"route_id": "dubai_rotterdam_sea", "overall_risk_level": "medium", "overall_risk_score": 0.41, "total_delay_hours": 4, "worst_conditions": ["No significant weather risks"], "location_breakdown": [{"location": "dubai", "zone": "arabian_sea", "risk_level": "low", "risk_score": 0.05, "conditions": "Calm seas", "estimated_delay_hours": 0, "wind_speed_knots": 9.3, "wave_height_m": 1.8}, {"location": "jeddah", "zone": "arabian_sea", "risk_level": "low", "risk_score": 0.05, "conditions": "Calm seas", "estimated_delay_hours": 0, "wind_speed_knots": 8.2, "wave_height_m": 1.8}, {"location": "rotterdam", "zone": "north_atlantic", "risk_level": "medium", "risk_score": 0.41, "conditions": "Dense fog conditions", "estimated_delay_hours": 4, "wind_speed_knots": 10.5, "wave_height_m": 2.8}]}, "congestion": {"route_id": "dubai_rotterdam_sea", "overall_congestion": "high", "overall_score": 0.61, "total_delay_hours": 29.7, "bottleneck_port": "Port of Rotterdam", "port_breakdown": [{"port_name": "Jebel Ali Port, Dubai", "congestion_level": "low", "congestion_score": 0.16, "queue_time_hours": 7.8, "berth_availability_pct": 83.7, "estimated_delay_hours": 3.9, "vessels_in_queue": 4, "advisory": "Normal operations at dubai. No significant delays expected."}, {"port_name": "Jeddah Islamic Port", "congestion_level": "moderate", "congestion_score": 0.46, "queue_time_hours": 22.3, "berth_availability_pct": 53.5, "estimated_delay_hours": 11.2, "vessels_in_queue": 13, "advisory": "Moderate traffic at jeddah. Minor delays possible, plan for 4-8 hour buffer."}, {"port_name": "Port of Rotterdam", "congestion_level": "high", "congestion_score": 0.61, "queue_time_hours": 29.2, "berth_availability_pct": 39.3, "estimated_delay_hours": 14.6, "vessels_in_queue": 18, "advisory": "Heavy congestion at rotterdam. Significant delays likely. Consider alternative ports or timing."}]}, "sustainability": {"route_id": "dubai_rotterdam_sea", "total_emissions_kg": 107.5, "leg_breakdown": [{"from": "dubai", "to": "jeddah", "mode": "sea", "distance_km": 2950, "emissions_kg": 29.5, "factor_used": 20}, {"from": "jeddah", "to": "rotterdam", "mode": "sea", "distance_km": 7800, "emissions_kg": 78.0, "factor_used": 20}], "green_score": 100.0, "eco_label": "Excellent"}, "cost_score": 94.9, "time_score": 25, "risk_score": 40.7, "reliability_score": 60, "overall_score": 56.1, "green_score": 100.0, "adjusted_cost": 1867.11, "adjusted_days": 15, "pros": ["Cost-effective at $1,867", "Eco-friendly (Excellent)"], "cons": ["Long transit time (15 days)", "Port congestion at Port of Rotterdam"], "is_recommended": false}], "reasoning_summary": "The Air Route from Dubai to Rotterdam is recommended due to its ultra-fast delivery time of just 1 day, making it ideal for urgent shipments. Although it has a higher carbon footprint and is subject to port congestion, the speed and cost-effectiveness at $1,910 outweigh these concerns for a balanced priority shipment.", "trade_off_analysis": "Chose air freight at $1,910 for a 1-day delivery, sacrificing some environmental considerations and accepting potential port congestion. This route provides significant time savings compared to the sea route, which takes 15 days, and is only slightly more expensive than the multimodal options.", "parsed_constraints": {"origin": "Dubai", "destination": "Rotterdam", "weight_kg": 500, "deadline_days": null, "budget_usd": null, "priority": "balanced", "cargo_type": null, "special_requirements": null}, "reasoning_trace": [{"agent": "Parser", "step": "Request Parsed", "detail": "Extracted: Dubai \u2192 Rotterdam, 500kg, Deadline: None days, Budget: $None, Priority: balanced", "icon": "\ud83d\udd0d", "data": {"origin": "Dubai", "destination": "Rotterdam", "weight_kg": 500, "deadline_days": null, "budget_usd": null, "priority": "balanced", "cargo_type": null, "special_requirements": null}}, {"agent": "Hub Resolver", "step": "Locations Resolved", "detail": "Hub resolution results:\n  Origin: Dubai \u2192 \u2705 Known hub: Jebel Ali Port, Dubai\n  Destination: Rotterdam \u2192 \u2705 Known hub: Port of Rotterdam", "icon": "\ud83d\udccd", "data": {"origin": {"original": "Dubai", "resolved_key": "dubai", "lat": 25.0117, "lng": 55.0618, "nearest_hub": "dubai", "nearest_hub_name": "Jebel Ali Port, Dubai", "distance_to_hub_km": 0, "method": "direct_match"}, "destination": {"original": "Rotterdam", "resolved_key": "rotterdam", "lat": 51.9036, "lng": 4.4993, "nearest_hub": "rotterdam", "nearest_hub_name": "Port of Rotterdam", "distance_to_hub_km": 0, "method": "direct_match"}}}, {"agent": "Route Generator", "step": "Generated 4 Candidate Routes", "detail": "Found routes via: sea, air, multimodal\n  \u2022 Sea Route: Dubai \u2192 Rotterdam (15 days, 10750km)\n  \u2022 Air Route: Dubai \u2192 Rotterdam (1 days, 5164km)\n  \u2022 Multimodal Route: Dubai \u2192 Rotterdam (8 days, 7000km)\n  \u2022 Multimodal Route: Dubai \u2192 Rotterdam (2 days, 5800km)", "icon": "\ud83d\uddfa\ufe0f", "data": {"route_count": 4, "modes": ["sea", "air", "multimodal"]}}, {"agent": "Risk Scenario", "step": "World Conditions: Normal Conditions", "detail": "\u2705 No special global disruptions. Standard operations.", "icon": "\u2705", "data": {"event": "normal", "affected_count": 0}}, {"agent": "Pricing", "step": "Pricing Complete \u2014 Range: $1,764.95 to $3,173.81", "detail": "Cost estimates per route:\n  \u2022 dubai_rotterdam_sea: $1,867.11\n  \u2022 dubai_rotterdam_air: $1,910.40\n  \u2022 dubai_rotterdam_multimodal_1: $1,764.95\n  \u2022 dubai_rotterdam_multimodal_2: $3,173.81", "icon": "\ud83d\udcb0", "data": {"cheapest": 1764.95, "most_expensive": 3173.81, "routes_in_budget": 0}}, {"agent": "Weather", "step": "Weather Assessment \u2014 Highest Risk: MEDIUM", "detail": "Weather assessment per route:\n  \u2022 dubai_rotterdam_sea: MEDIUM risk (score: 0.41, delay: +4h)\n  \u2022 dubai_rotterdam_air: MEDIUM risk (score: 0.41, delay: +4h)\n  \u2022 dubai_rotterdam_multimodal_1: MEDIUM risk (score: 0.41, delay: +4h)\n  \u2022 dubai_rotterdam_multimodal_2: MEDIUM risk (score: 0.41, delay: +8h)", "icon": "\ud83c\udf24\ufe0f", "data": {"highest_risk": "medium", "routes_with_warnings": 0}}, {"agent": "Port Congestion", "step": "Congestion Check \u2014 Worst: HIGH", "detail": "Port congestion per route:\n  \u2022 dubai_rotterdam_sea: HIGH (bottleneck: Port of Rotterdam, delay: +29.7h)\n  \u2022 dubai_rotterdam_air: HIGH (bottleneck: Port of Rotterdam, delay: +18.5h)\n  \u2022 dubai_rotterdam_multimodal_1: HIGH (bottleneck: Port of Rotterdam, delay: +26.6h)\n  \u2022 dubai_rotterdam_multimodal_2: HIGH (bottleneck: Port of Rotterdam, delay: +31.4h)", "icon": "\u2693", "data": {"worst_congestion": "high", "bottleneck_ports": ["Port of Rotterdam"]}}, {"agent": "Sustainability", "step": "Emissions Calculated \u2014 Greenest: dubai_rotterdam_sea", "detail": "Carbon footprint per route (for 500kg shipment):\n  \ud83c\udf3f dubai_rotterdam_sea: 107.5 kg CO2e (Green Score: 100.0/100 \u2014 Excellent)\n  \ud83c\udfed dubai_rotterdam_air: 1549.2 kg CO2e (Green Score: 18.7/100 \u2014 Poor)\n  \ud83c\udf3f dubai_rotterdam_multimodal_1: 182.0 kg CO2e (Green Score: 95.8/100 \u2014 Excellent)\n  \ud83c\udfed dubai_rotterdam_multimodal_2: 1615.0 kg CO2e (Green Score: 15.0/100 \u2014 Poor)\n\n\ud83d\udcca Emission factors: Air=600g, Sea=20g, Road=100g per tonne-km", "icon": "\ud83c\udf31", "data": {"greenest_route": "dubai_rotterdam_sea", "greenest_emissions_kg": 107.5, "worst_emissions_kg": 1615.0}}, {"agent": "Evaluator", "step": "Routes Scored \u2014 Winner: Air Route: Dubai \u2192 Rotterdam", "detail": "Ranking (priority: balanced):\n  \ud83c\udfc6 #1 Air Route: Dubai \u2192 Rotterdam: Score=78.5 (Cost=93, Time=95, Risk=41, Reliability=70, Green=19)\n     #2 Multimodal Route: Dubai \u2192 Rotterdam: Score=69.1 (Cost=100, Time=60, Risk=41, Reliability=65, Green=96)\n     #3 Multimodal Route: Dubai \u2192 Rotterdam: Score=57.1 (Cost=30, Time=90, Risk=41, Reliability=65, Green=15)\n     #4 Sea Route: Dubai \u2192 Rotterdam: Score=56.1 (Cost=95, Time=25, Risk=41, Reliability=60, Green=100)", "icon": "\u2696\ufe0f", "data": {"winner": "dubai_rotterdam_air", "top_score": 78.5}}, {"agent": "Broker Agent", "step": "Negotiating with Emirates SkyCargo", "detail": "Successfully negotiated a discount using LLM. New quote: $1,733.57.", "icon": "\ud83e\udd1d"}, {"agent": "Decision", "step": "\ud83c\udfc6 Recommended: Air Route: Dubai \u2192 Rotterdam", "detail": "The Air Route from Dubai to Rotterdam is recommended due to its ultra-fast delivery time of just 1 day, making it ideal for urgent shipments. Although it has a higher carbon footprint and is subject to port congestion, the speed and cost-effectiveness at $1,910 outweigh these concerns for a balanced priority shipment.\n\nTrade-offs: Chose air freight at $1,910 for a 1-day delivery, sacrificing some environmental considerations and accepting potential port congestion. This route provides significant time savings compared to the sea route, which takes 15 days, and is only slightly more expensive than the multimodal options.", "icon": "\ud83c\udfc6", "data": {"recommended_route": "dubai_rotterdam_air", "overall_score": 78.5, "cost": 1733.5744536456898, "days": 1, "alternatives_count": 3}}], "sustainability_data": [{"route_id": "dubai_rotterdam_sea", "total_emissions_kg": 107.5, "leg_breakdown": [{"from": "dubai", "to": "jeddah", "mode": "sea", "distance_km": 2950, "emissions_kg": 29.5, "factor_used": 20}, {"from": "jeddah", "to": "rotterdam", "mode": "sea", "distance_km": 7800, "emissions_kg": 78.0, "factor_used": 20}], "green_score": 100.0, "eco_label": "Excellent"}, {"route_id": "dubai_rotterdam_air", "total_emissions_kg": 1549.2, "leg_breakdown": [{"from": "dubai", "to": "rotterdam", "mode": "air", "distance_km": 5164, "emissions_kg": 1549.2, "factor_used": 600}], "green_score": 18.7, "eco_label": "Poor"}, {"route_id": "dubai_rotterdam_multimodal_1", "total_emissions_kg": 182.0, "leg_breakdown": [{"from": "dubai", "to": "istanbul", "mode": "sea", "distance_km": 4200, "emissions_kg": 42.0, "factor_used": 20}, {"from": "istanbul", "to": "rotterdam", "mode": "road", "distance_km": 2800, "emissions_kg": 140.0, "factor_used": 100}], "green_score": 95.8, "eco_label": "Excellent"}, {"route_id": "dubai_rotterdam_multimodal_2", "total_emissions_kg": 1615.0, "leg_breakdown": [{"from": "dubai", "to": "hamburg", "mode": "air", "distance_km": 5300, "emissions_kg": 1590.0, "factor_used": 600}, {"from": "hamburg", "to": "rotterdam", "mode": "road", "distance_km": 500, "emissions_kg": 25.0, "factor_used": 100}], "green_score": 15.0, "eco_label": "Poor"}], "risk_scenario": {"event": "normal", "event_name": "Normal Conditions", "description": "No special global disruptions. Standard operations.", "affected_routes": [], "penalties": {}}, "negotiation_log": [{"sender": "You", "message": "Hi, I appreciate the quote of $1,910.40, but we're looking for a more competitive rate. Can you offer any discounts?"}, {"sender": "Carrier", "message": "We can provide a discount and bring the cost down to $1,733.57."}, {"sender": "You", "message": "That works for us. Let's proceed with the booking."}], "error": null}}

data: {"type": "done"}

